Script started on Tue 02 Feb 2021 04:14:12 PM CST
[?1034hbash-4.2$ cd c`[Ks161-[K[K[K[K[K[K[K[K[Kpwd
/home/u1/cob0013/cs161
bash-4.2$ cd root/
bash-4.2$ cds[K[Ks2[K161-gdb kernel
[?1034hGNU gdb 6.6
Copyright (C) 2006 Free Software Foundation, Inc.
GDB is free software, covered by the GNU General Public License, and you are
welcome to change it and/or distribute copies of it under certain conditions.
Type "show copying" to see the conditions.
There is absolutely no warranty for GDB.  Type "show warranty" for details.
This GDB was configured as "--host=x86_64-unknown-linux-gnu --target=mips-elf"...
/home/u1/cob0013/.gdbinit:1: Error in sourced command file:
No symbol table is loaded.  Use the "file" command.
(gdb) target rmeote [K[K[K[Kj[K[K[Kemote unix:/[K.sockets/gdb
Remote debugging using unix:.sockets/gdb
__start () at ../../arch/mips/mips/start.S:24
24	../../arch/mips/mips/start.S: No such file or directory.
	in ../../arch/mips/mips/start.S
Current language:  auto; currently asm
(gdb) break menu
Breakpoint 1 at 0x8001baac
(gdb) c
Continuing.

Breakpoint 1, 0xffffffff8001baac in menu ()
(gdb) where
#0  0xffffffff8001baac in menu ()
#1  0xffffffff8001a99c in kmain ()
#2  0xffffffff8000d274 in __start () at ../../arch/mips/mips/start.S:163
(gdb) detach
Ending remote debugging.
(gdb) quit
bash-4.2$ m [Kv s[Kgd[K[K[K[K[Kls
bin	     hub161-1.14   man		 sys161-1.14	     trace161-1.14
hostbin      include	   sbin		 sys161.conf
hostinclude  kernel	   stat161	 sys161.conf.sample
hostlib      kernel-ASST0  stat161-1.14  testbin
hub161	     lib	   sys161	 trace161
bash-4.2$ mv gdb[K[K[K[K[K[Kend
bash: end: command not found
bash-4.2$ ls
bin	     hub161-1.14   man		 sys161-1.14	     trace161-1.14
hostbin      include	   sbin		 sys161.conf
hostinclude  kernel	   stat161	 sys161.conf.sample
hostlib      kernel-ASST0  stat161-1.14  testbin
hub161	     lib	   sys161	 trace161
bash-4.2$ exit
exit

Script done on Tue 02 Feb 2021 04:15:33 PM CST
